SELECT '120'::base36;
 base36 
--------
 120
(1 row)

SELECT '3c'::base36;
 base36 
--------
 3c
(1 row)

CREATE TABLE base36_test(val base36);
INSERT INTO base36_test VALUES ('123'), ('3c'), ('5A'), ('zZz');
SELECT * FROM base36_test;
 val 
-----
 123
 3c
 5a
 zzz
(4 rows)

SELECT '120'::base36 > '3c'::base36;
 ?column? 
----------
 t
(1 row)

SELECT * FROM base36_test ORDER BY val;
 val 
-----
 3c
 5a
 123
 zzz
(4 rows)

EXPLAIN (COSTS OFF) SELECT * FROM base36_test where NOT val < 'c1';
           QUERY PLAN            
---------------------------------
 Seq Scan on base36_test
   Filter: (val >= 'c1'::base36)
(2 rows)

SELECT 'abcdefghi'::base36;
ERROR:  integer out of range
LINE 1: SELECT 'abcdefghi'::base36;
               ^
DROP TABLE base36_test;
